// Jest Snapshot v1, https://goo.gl/fbAQLP

exports[`should take a snapshot 1`] = `
<DocumentFragment>
  <h1
    data-testid="counter"
  >
    Counter is 0
  </h1>
  <button
    data-testid="button-up"
    type="button"
  >
    Increment
  </button>
  <button
    data-testid="button-down"
    type="button"
  >
    Decrement
  </button>
</DocumentFragment>
`;
